Command line: /media/main/sandbox/ad/tool_biuld_mt_genome_links/MitoFinder/mitofinder -j Mitofinder_Ecy -a OUR_mt_genom_Ecy.fasta -r /media/main/sandbox/ad/mt_BM/ref_mt_BM/mt_genom_Ecya_ref.gb -o 5 -p 8 -m 32

Start time : 2026-07-14 14:46:38

Job name = Mitofinder_Ecy

Creating Output directory : /media/main/sandbox/ad/mt_BM/use_Mitofinder/annotation/Mitofinder_Ecy
All results will be written here
Program folders:
MEGAHIT = /media/main/sandbox/ad/tool_biuld_mt_genome_links/MitoFinder/megahit/
Blast folder = /media/main/sandbox/ad/tool_biuld_mt_genome_links/MitoFinder/blast/bin/
IDBA-UD folder = /media/main/sandbox/ad/tool_biuld_mt_genome_links/MitoFinder/idba/bin/
MetaSPAdes folder = /media/main/sandbox/ad/tool_biuld_mt_genome_links/MitoFinder/metaspades/bin/
ARWEN folder = /media/main/sandbox/ad/tool_biuld_mt_genome_links/MitoFinder/arwen/
MiTFi folder = /media/main/sandbox/ad/tool_biuld_mt_genome_links/MitoFinder/mitfi/
tRNAscan-SE folder = /media/main/sandbox/ad/tool_biuld_mt_genome_links/MitoFinder/trnascanSE/tRNAscan-SE-2.0/


Formatting database for mitochondrial contigs identification...
Running mitochondrial contigs identification step...

MitoFinder found a single mitochondrial contig
Checking resulting contig for circularization...

Evidences of circularization could not be found, but everyother step was successful



Creating summary statistics for the mtDNA contig

Annotating

tRNA annotation with MitFi run well.

Annotation completed


Creating GFF and fasta files.

Note: 
15 genes were found in mtDNA_contig

## Final sequence saved to /media/main/sandbox/ad/mt_BM/use_Mitofinder/annotation/Mitofinder_Ecy/Mitofinder_Ecy_MitoFinder_mitfi_Final_Results/


Total wall-clock time used by MitoFinder = 0:02:45.150709
